// Vitest Snapshot v1, https://vitest.dev/guide/snapshot.html

exports[`Header component > it should render correctly and match snapshot 1`] = `"<menubar-stub data-v-a81738bd="" model="[object Object],[object Object],[object Object],[object Object],[object Object],[object Object],[object Object],[object Object],[object Object]" items="[object Object],[object Object]"></menubar-stub>"`;
