// Vitest Snapshot v1, https://vitest.dev/guide/snapshot.html

exports[`Slideshow page > should render correctly and match snapshot 1`] = `
"<div class="p-4 md:px-6 lg:px-8">
  <div class="grid">
    <div class="col-12">
      <h1 class="text-4xl font-bold text-center mb-4">Slideshow</h1>
      <p class="text-center text-800"> This is a simple slideshow created using PrimeVue components. </p>
      <tab-view-stub></tab-view-stub>
    </div>
  </div>
</div>"
`;
